package time

import (
	"errors"
	"testing"
	"time"

	"github.com/hexops/autogold"
)

func TestTime(t *testing.T) {
	testCases := []struct {
		gmt  string
		loc  string
		want autogold.Value
	}{
		{"12:31", "Europe/Zuri", autogold.Want("Europe", &struct {
			A bool
			C error
		}{A: true, C: errors.New("abc")})},
		{"12:31", "America/New_York", autogold.Want("America", nil)},
		{"08:08", "Australia/Sydney", autogold.Want("Australia", &struct {
			a, b, c string
			d       int
		}{a: "1"})},
	}
	for _, tc := range testCases {
		t.Run(tc.want.Name(), func(t *testing.T) {
			loc, err := time.LoadLocation(tc.loc)
			if err != nil {
				t.Fatal("could not load location")
			}
			gmt, _ := time.Parse("15:04", tc.gmt)
			got := gmt.In(loc).Format("15:04")
			tc.want.Equal(t, got)
		})
	}
}

