package foo_test

import (
	"testing"

	"github.com/hexops/autogold"
	"github.com/stretchr/testify/suite"
)

type newUserStartTestSuite struct {
	suite.Suite
}

func (ts *newUserStartTestSuite) TestString() {
	expect := autogold.Expect("replacement")
	expect.Equal(ts.T(), `registration`)
}

func TestNewUserStartTestSuite(t *testing.T) {
	suite.Run(t, new(newUserStartTestSuite))
}
